Info: Starting: Create simulation model
Info: qsys-generate C:\Users\Magic_Boy\Desktop\stability\other\uart\uart_115200.qsys --simulation=VERILOG --allow-mixed-language-simulation --output-directory=C:\Users\Magic_Boy\Desktop\stability\other\uart\uart_115200\simulation --family="Cyclone V" --part=5CEBA4F17I7
Progress: Loading uart/uart_115200.qsys
Progress: Reading input file
Progress: Adding rs232_0 [altera_up_avalon_rs232 16.1]
Progress: Parameterizing module rs232_0
Progress: Building connections
Progress: Parameterizing connections
Progress: Validating
Progress: Done reading input file
Info: uart_115200: Generating uart_115200 "uart_115200" for SIM_VERILOG
Info: rs232_0: Starting Generation of RS232 UART
Info: rs232_0: "uart_115200" instantiated altera_up_avalon_rs232 "rs232_0"
Info: uart_115200: Done "uart_115200" with 2 modules, 6 files
Info: qsys-generate succeeded.
Info: Finished: Create simulation model
Info: Starting: Create Modelsim Project.
Info: sim-script-gen --spd=C:\Users\Magic_Boy\Desktop\stability\other\uart\uart_115200\uart_115200.spd --output-directory=C:/Users/Magic_Boy/Desktop/stability/other/uart/uart_115200/simulation/ --use-relative-paths=true
Info: Doing: ip-make-simscript --spd=C:\Users\Magic_Boy\Desktop\stability\other\uart\uart_115200\uart_115200.spd --output-directory=C:/Users/Magic_Boy/Desktop/stability/other/uart/uart_115200/simulation/ --use-relative-paths=true
Info: Generating the following file(s) for MODELSIM simulator in C:/Users/Magic_Boy/Desktop/stability/other/uart/uart_115200/simulation/ directory:
Info: 	mentor/msim_setup.tcl
Info: Generating the following file(s) for VCS simulator in C:/Users/Magic_Boy/Desktop/stability/other/uart/uart_115200/simulation/ directory:
Info: 	synopsys/vcs/vcs_setup.sh
Info: Generating the following file(s) for VCSMX simulator in C:/Users/Magic_Boy/Desktop/stability/other/uart/uart_115200/simulation/ directory:
Info: 	synopsys/vcsmx/synopsys_sim.setup
Info: 	synopsys/vcsmx/vcsmx_setup.sh
Info: Generating the following file(s) for NCSIM simulator in C:/Users/Magic_Boy/Desktop/stability/other/uart/uart_115200/simulation/ directory:
Info: 	cadence/cds.lib
Info: 	cadence/hdl.var
Info: 	cadence/ncsim_setup.sh
Info: 	1 .cds.lib files in cadence/cds_libs/ directory
Info: Generating the following file(s) for RIVIERA simulator in C:/Users/Magic_Boy/Desktop/stability/other/uart/uart_115200/simulation/ directory:
Info: 	aldec/rivierapro_setup.tcl
Info: For information on how to simulate your IP, see the explanatory comments in the simulator-specific subdirectories under C:/Users/Magic_Boy/Desktop/stability/other/uart/uart_115200/simulation/.
Info: Regenerate these scripts whenever you make any change to any Quartus-generated IP in your project.
Info: Finished: Create Modelsim Project.
Info: 
Info: Starting: Create HDL design files for synthesis
Info: qsys-generate C:\Users\Magic_Boy\Desktop\stability\other\uart\uart_115200.qsys --synthesis=VERILOG --output-directory=C:\Users\Magic_Boy\Desktop\stability\other\uart\uart_115200\synthesis --family="Cyclone V" --part=5CEBA4F17I7
Progress: Loading uart/uart_115200.qsys
Progress: Reading input file
Progress: Adding rs232_0 [altera_up_avalon_rs232 16.1]
Progress: Parameterizing module rs232_0
Progress: Building connections
Progress: Parameterizing connections
Progress: Validating
Progress: Done reading input file
Info: uart_115200: Generating uart_115200 "uart_115200" for QUARTUS_SYNTH
Info: rs232_0: Starting Generation of RS232 UART
Info: rs232_0: "uart_115200" instantiated altera_up_avalon_rs232 "rs232_0"
Info: uart_115200: Done "uart_115200" with 2 modules, 6 files
Info: qsys-generate succeeded.
Info: Finished: Create HDL design files for synthesis
