Flow report for stability
Thu Nov 02 10:11:51 2017
Quartus Prime Version 16.1.2 Build 203 01/18/2017 SJ Standard Edition


---------------------
; Table of Contents ;
---------------------
  1. Legal Notice
  2. Flow Summary
  3. Flow Settings
  4. Flow Non-Default Global Settings
  5. Flow Elapsed Time
  6. Flow OS Summary
  7. Flow Log
  8. Flow Messages
  9. Flow Suppressed Messages



----------------
; Legal Notice ;
----------------
Copyright (C) 2017  Intel Corporation. All rights reserved.
Your use of Intel Corporation's design tools, logic functions 
and other software and tools, and its AMPP partner logic 
functions, and any output files from any of the foregoing 
(including device programming or simulation files), and any 
associated documentation or information are expressly subject 
to the terms and conditions of the Intel Program License 
Subscription Agreement, the Intel Quartus Prime License Agreement,
the Intel MegaCore Function License Agreement, or other 
applicable license agreement, including, without limitation, 
that your use is for the sole purpose of programming logic 
devices manufactured by Intel and sold by Intel or its 
authorized distributors.  Please refer to the applicable 
agreement for further details.



+-----------------------------------------------------------------------------------+
; Flow Summary                                                                      ;
+---------------------------------+-------------------------------------------------+
; Flow Status                     ; Successful - Thu Nov 02 10:11:51 2017           ;
; Quartus Prime Version           ; 16.1.2 Build 203 01/18/2017 SJ Standard Edition ;
; Revision Name                   ; stability                                       ;
; Top-level Entity Name           ; top                                             ;
; Family                          ; Cyclone V                                       ;
; Device                          ; 5CEBA4F17I7                                     ;
; Timing Models                   ; Final                                           ;
; Logic utilization (in ALMs)     ; 6,725 / 18,480 ( 36 % )                         ;
; Total registers                 ; 10381                                           ;
; Total pins                      ; 90 / 128 ( 70 % )                               ;
; Total virtual pins              ; 0                                               ;
; Total block memory bits         ; 1,758,704 / 3,153,920 ( 56 % )                  ;
; Total DSP Blocks                ; 12 / 66 ( 18 % )                                ;
; Total HSSI RX PCSs              ; 0                                               ;
; Total HSSI PMA RX Deserializers ; 0                                               ;
; Total HSSI TX PCSs              ; 0                                               ;
; Total HSSI PMA TX Serializers   ; 0                                               ;
; Total PLLs                      ; 2 / 4 ( 50 % )                                  ;
; Total DLLs                      ; 1 / 4 ( 25 % )                                  ;
+---------------------------------+-------------------------------------------------+


+-----------------------------------------+
; Flow Settings                           ;
+-------------------+---------------------+
; Option            ; Setting             ;
+-------------------+---------------------+
; Start date & time ; 11/02/2017 10:05:17 ;
; Main task         ; Compilation         ;
; Revision Name     ; stability           ;
+-------------------+---------------------+


+--------------------------------------------------------------------------------------------------------------------------------------------------------------------------------------------------------------------------------------------------------------------------------------------------------------------------------------------------------------------------------------------------------------------------------------------------------------------------------------------------------------------------------------------------------------------------------------------------------------------+
; Flow Non-Default Global Settings                                                                                                                                                                                                                                                                                                                                                                                                                                                                                                                                                                                   ;
+-------------------------------------------------+---------------------------------------------------------------------------------------------------------------------------------------------------------------------------------------------------------------------------------------------------------------------------------------------------------------------------------------------------------------------------------------------------------------------------------------------------------------------------------------------------------------+---------------+---------------+------------------+
; Assignment Name                                 ; Value                                                                                                                                                                                                                                                                                                                                                                                                                                                                                                         ; Default Value ; Entity Name   ; Section Id       ;
+-------------------------------------------------+---------------------------------------------------------------------------------------------------------------------------------------------------------------------------------------------------------------------------------------------------------------------------------------------------------------------------------------------------------------------------------------------------------------------------------------------------------------------------------------------------------------+---------------+---------------+------------------+
; ALLOW_SHIFT_REGISTER_MERGING_ACROSS_HIERARCHIES ; Off                                                                                                                                                                                                                                                                                                                                                                                                                                                                                                           ; Auto          ; --            ; --               ;
; COMPILER_SIGNATURE_ID                           ; 123719787927902.150958831706600                                                                                                                                                                                                                                                                                                                                                                                                                                                                               ; --            ; --            ; --               ;
; DISABLE_REGISTER_MERGING_ACROSS_HIERARCHIES     ; On                                                                                                                                                                                                                                                                                                                                                                                                                                                                                                            ; Auto          ; --            ; --               ;
; ECO_REGENERATE_REPORT                           ; On                                                                                                                                                                                                                                                                                                                                                                                                                                                                                                            ; Off           ; --            ; --               ;
; EDA_DESIGN_INSTANCE_NAME                        ; NA                                                                                                                                                                                                                                                                                                                                                                                                                                                                                                            ; --            ; --            ; top_vlg_tst      ;
; EDA_NATIVELINK_SIMULATION_TEST_BENCH            ; top_vlg_tst                                                                                                                                                                                                                                                                                                                                                                                                                                                                                                   ; --            ; --            ; eda_simulation   ;
; EDA_OUTPUT_DATA_FORMAT                          ; Verilog Hdl                                                                                                                                                                                                                                                                                                                                                                                                                                                                                                   ; --            ; --            ; eda_simulation   ;
; EDA_SIMULATION_TOOL                             ; ModelSim-Altera (Verilog)                                                                                                                                                                                                                                                                                                                                                                                                                                                                                     ; <None>        ; --            ; --               ;
; EDA_TEST_BENCH_ENABLE_STATUS                    ; TEST_BENCH_MODE                                                                                                                                                                                                                                                                                                                                                                                                                                                                                               ; --            ; --            ; eda_simulation   ;
; EDA_TEST_BENCH_FILE                             ; simulation/modelsim/top.vt                                                                                                                                                                                                                                                                                                                                                                                                                                                                                    ; --            ; --            ; top_vlg_tst      ;
; EDA_TEST_BENCH_MODULE_NAME                      ; top_vlg_tst                                                                                                                                                                                                                                                                                                                                                                                                                                                                                                   ; --            ; --            ; top_vlg_tst      ;
; EDA_TEST_BENCH_NAME                             ; top_vlg_tst                                                                                                                                                                                                                                                                                                                                                                                                                                                                                                   ; --            ; --            ; eda_simulation   ;
; EDA_TIME_SCALE                                  ; 1 ns                                                                                                                                                                                                                                                                                                                                                                                                                                                                                                          ; --            ; --            ; eda_simulation   ;
; ENABLE_SIGNALTAP                                ; On                                                                                                                                                                                                                                                                                                                                                                                                                                                                                                            ; --            ; --            ; --               ;
; IOBANK_VCCIO                                    ; 3.3V                                                                                                                                                                                                                                                                                                                                                                                                                                                                                                          ; --            ; --            ; 2A               ;
; MAX_CORE_JUNCTION_TEMP                          ; 100                                                                                                                                                                                                                                                                                                                                                                                                                                                                                                           ; --            ; --            ; --               ;
; MIN_CORE_JUNCTION_TEMP                          ; -40                                                                                                                                                                                                                                                                                                                                                                                                                                                                                                           ; --            ; --            ; --               ;
; MISC_FILE                                       ; other/issp/ds3231_value/synthesis/../ds3231_value.cmp                                                                                                                                                                                                                                                                                                                                                                                                                                                         ; --            ; --            ; --               ;
; MISC_FILE                                       ; other/issp/ds3231_value/synthesis/../../ds3231_value.qsys                                                                                                                                                                                                                                                                                                                                                                                                                                                     ; --            ; --            ; --               ;
; MISC_FILE                                       ; other/issp/ds3231_inikey/synthesis/../ds3231_inikey.cmp                                                                                                                                                                                                                                                                                                                                                                                                                                                       ; --            ; --            ; --               ;
; MISC_FILE                                       ; other/issp/ds3231_inikey/synthesis/../../ds3231_inikey.qsys                                                                                                                                                                                                                                                                                                                                                                                                                                                   ; --            ; --            ; --               ;
; MISC_FILE                                       ; other/Qsys_First/synthesis/../Qsys_system.cmp                                                                                                                                                                                                                                                                                                                                                                                                                                                                 ; --            ; --            ; --               ;
; MISC_FILE                                       ; other/Qsys_First/synthesis/../Qsys_system.qsys                                                                                                                                                                                                                                                                                                                                                                                                                                                                ; --            ; --            ; --               ;
; MISC_FILE                                       ; other/filter/fir_ii/fir_2_10hz.cmp                                                                                                                                                                                                                                                                                                                                                                                                                                                                            ; --            ; --            ; --               ;
; MISC_FILE                                       ; other/uart/uart_115200/synthesis/../uart_115200.cmp                                                                                                                                                                                                                                                                                                                                                                                                                                                           ; --            ; --            ; --               ;
; MISC_FILE                                       ; other/uart/uart_115200/synthesis/../../uart_115200.qsys                                                                                                                                                                                                                                                                                                                                                                                                                                                       ; --            ; --            ; --               ;
; MISC_FILE                                       ; other/filter/fir_ii/fir_2_10hz_nco.cmp                                                                                                                                                                                                                                                                                                                                                                                                                                                                        ; --            ; --            ; --               ;
; MISC_FILE                                       ; other/filter/fir_ii/fir_2_10hz_nco_sim/dspba_library_package.vhd                                                                                                                                                                                                                                                                                                                                                                                                                                              ; --            ; --            ; --               ;
; MISC_FILE                                       ; other/filter/fir_ii/fir_2_10hz_nco_sim/dspba_library.vhd                                                                                                                                                                                                                                                                                                                                                                                                                                                      ; --            ; --            ; --               ;
; MISC_FILE                                       ; other/filter/fir_ii/fir_2_10hz_nco_sim/auk_dspip_math_pkg_hpfir.vhd                                                                                                                                                                                                                                                                                                                                                                                                                                           ; --            ; --            ; --               ;
; MISC_FILE                                       ; other/filter/fir_ii/fir_2_10hz_nco_sim/auk_dspip_lib_pkg_hpfir.vhd                                                                                                                                                                                                                                                                                                                                                                                                                                            ; --            ; --            ; --               ;
; MISC_FILE                                       ; other/filter/fir_ii/fir_2_10hz_nco_sim/auk_dspip_avalon_streaming_controller_hpfir.vhd                                                                                                                                                                                                                                                                                                                                                                                                                        ; --            ; --            ; --               ;
; MISC_FILE                                       ; other/filter/fir_ii/fir_2_10hz_nco_sim/auk_dspip_avalon_streaming_sink_hpfir.vhd                                                                                                                                                                                                                                                                                                                                                                                                                              ; --            ; --            ; --               ;
; MISC_FILE                                       ; other/filter/fir_ii/fir_2_10hz_nco_sim/auk_dspip_avalon_streaming_source_hpfir.vhd                                                                                                                                                                                                                                                                                                                                                                                                                            ; --            ; --            ; --               ;
; MISC_FILE                                       ; other/filter/fir_ii/fir_2_10hz_nco_sim/auk_dspip_roundsat_hpfir.vhd                                                                                                                                                                                                                                                                                                                                                                                                                                           ; --            ; --            ; --               ;
; MISC_FILE                                       ; other/filter/fir_ii/fir_2_10hz_nco_sim/altera_avalon_sc_fifo.v                                                                                                                                                                                                                                                                                                                                                                                                                                                ; --            ; --            ; --               ;
; MISC_FILE                                       ; other/filter/fir_ii/fir_2_10hz_nco_sim/fir_2_10hz_nco_rtl_core_u0_m0_wo0_cm0_lutmem.hex                                                                                                                                                                                                                                                                                                                                                                                                                       ; --            ; --            ; --               ;
; MISC_FILE                                       ; other/filter/fir_ii/fir_2_10hz_nco_sim/fir_2_10hz_nco_rtl_core_u0_m0_wo0_wi0_r0_ra0_count1_lut_lutmem.hex                                                                                                                                                                                                                                                                                                                                                                                                     ; --            ; --            ; --               ;
; MISC_FILE                                       ; other/filter/fir_ii/fir_2_10hz_nco_sim/fir_2_10hz_nco_rtl_core.vhd                                                                                                                                                                                                                                                                                                                                                                                                                                            ; --            ; --            ; --               ;
; MISC_FILE                                       ; other/filter/fir_ii/fir_2_10hz_nco_sim/fir_2_10hz_nco_ast.vhd                                                                                                                                                                                                                                                                                                                                                                                                                                                 ; --            ; --            ; --               ;
; MISC_FILE                                       ; other/filter/fir_ii/fir_2_10hz_nco_sim/fir_2_10hz_nco.vhd                                                                                                                                                                                                                                                                                                                                                                                                                                                     ; --            ; --            ; --               ;
; MISC_FILE                                       ; other/filter/fir_ii/fir_2_10hz_nco_sim/fir_2_10hz_nco_nativelink.tcl                                                                                                                                                                                                                                                                                                                                                                                                                                          ; --            ; --            ; --               ;
; MISC_FILE                                       ; other/filter/fir_ii/fir_2_10hz_nco_sim/fir_2_10hz_nco_msim.tcl                                                                                                                                                                                                                                                                                                                                                                                                                                                ; --            ; --            ; --               ;
; MISC_FILE                                       ; other/filter/fir_ii/fir_2_10hz_nco_sim/fir_2_10hz_nco_tb.vhd                                                                                                                                                                                                                                                                                                                                                                                                                                                  ; --            ; --            ; --               ;
; MISC_FILE                                       ; other/filter/fir_ii/fir_2_10hz_nco_sim/fir_2_10hz_nco_mlab.m                                                                                                                                                                                                                                                                                                                                                                                                                                                  ; --            ; --            ; --               ;
; MISC_FILE                                       ; other/filter/fir_ii/fir_2_10hz_nco_sim/fir_2_10hz_nco_model.m                                                                                                                                                                                                                                                                                                                                                                                                                                                 ; --            ; --            ; --               ;
; MISC_FILE                                       ; other/filter/fir_ii/fir_2_10hz_nco_sim/fir_2_10hz_nco_coef_int.txt                                                                                                                                                                                                                                                                                                                                                                                                                                            ; --            ; --            ; --               ;
; MISC_FILE                                       ; other/filter/fir_ii/fir_2_10hz_nco_sim/fir_2_10hz_nco_input.txt                                                                                                                                                                                                                                                                                                                                                                                                                                               ; --            ; --            ; --               ;
; MISC_FILE                                       ; other/filter/fir_ii/fir_2_10hz_nco_sim/fir_2_10hz_nco_param.txt                                                                                                                                                                                                                                                                                                                                                                                                                                               ; --            ; --            ; --               ;
; MISC_FILE                                       ; other/pll/pll_L.cmp                                                                                                                                                                                                                                                                                                                                                                                                                                                                                           ; --            ; --            ; --               ;
; MISC_FILE                                       ; other/pll/pll_L_sim/pll_L.vo                                                                                                                                                                                                                                                                                                                                                                                                                                                                                  ; --            ; --            ; --               ;
; MISC_FILE                                       ; other/pll/pll_H.cmp                                                                                                                                                                                                                                                                                                                                                                                                                                                                                           ; --            ; --            ; --               ;
; MISC_FILE                                       ; other/pll/pll_H_sim/pll_H.vo                                                                                                                                                                                                                                                                                                                                                                                                                                                                                  ; --            ; --            ; --               ;
; MISC_FILE                                       ; other/arithmetic/peak_divide.bsf                                                                                                                                                                                                                                                                                                                                                                                                                                                                              ; --            ; --            ; --               ;
; MISC_FILE                                       ; other/arithmetic/peak_divide_inst.v                                                                                                                                                                                                                                                                                                                                                                                                                                                                           ; --            ; --            ; --               ;
; MISC_FILE                                       ; other/arithmetic/peak_divide_bb.v                                                                                                                                                                                                                                                                                                                                                                                                                                                                             ; --            ; --            ; --               ;
; MISC_FILE                                       ; other/arithmetic/peak_divide.inc                                                                                                                                                                                                                                                                                                                                                                                                                                                                              ; --            ; --            ; --               ;
; MISC_FILE                                       ; other/arithmetic/peak_divide.cmp                                                                                                                                                                                                                                                                                                                                                                                                                                                                              ; --            ; --            ; --               ;
; MISC_FILE                                       ; other/arithmetic/peak_divide_syn.v                                                                                                                                                                                                                                                                                                                                                                                                                                                                            ; --            ; --            ; --               ;
; MISC_FILE                                       ; other/arithmetic/filter_out_mult.bsf                                                                                                                                                                                                                                                                                                                                                                                                                                                                          ; --            ; --            ; --               ;
; MISC_FILE                                       ; other/arithmetic/filter_out_mult_inst.v                                                                                                                                                                                                                                                                                                                                                                                                                                                                       ; --            ; --            ; --               ;
; MISC_FILE                                       ; other/arithmetic/filter_out_mult_bb.v                                                                                                                                                                                                                                                                                                                                                                                                                                                                         ; --            ; --            ; --               ;
; MISC_FILE                                       ; other/arithmetic/filter_out_mult.inc                                                                                                                                                                                                                                                                                                                                                                                                                                                                          ; --            ; --            ; --               ;
; MISC_FILE                                       ; other/arithmetic/filter_out_mult.cmp                                                                                                                                                                                                                                                                                                                                                                                                                                                                          ; --            ; --            ; --               ;
; MISC_FILE                                       ; other/arithmetic/filter_out_mult_syn.v                                                                                                                                                                                                                                                                                                                                                                                                                                                                        ; --            ; --            ; --               ;
; MISC_FILE                                       ; other/arithmetic/filter_out_divide.bsf                                                                                                                                                                                                                                                                                                                                                                                                                                                                        ; --            ; --            ; --               ;
; MISC_FILE                                       ; other/arithmetic/filter_out_divide_inst.v                                                                                                                                                                                                                                                                                                                                                                                                                                                                     ; --            ; --            ; --               ;
; MISC_FILE                                       ; other/arithmetic/filter_out_divide_bb.v                                                                                                                                                                                                                                                                                                                                                                                                                                                                       ; --            ; --            ; --               ;
; MISC_FILE                                       ; other/arithmetic/filter_out_divide.inc                                                                                                                                                                                                                                                                                                                                                                                                                                                                        ; --            ; --            ; --               ;
; MISC_FILE                                       ; other/arithmetic/filter_out_divide.cmp                                                                                                                                                                                                                                                                                                                                                                                                                                                                        ; --            ; --            ; --               ;
; MISC_FILE                                       ; other/arithmetic/filter_out_divide_syn.v                                                                                                                                                                                                                                                                                                                                                                                                                                                                      ; --            ; --            ; --               ;
; MISC_FILE                                       ; other/microchip/ads_to_flex_fifo_bb.v                                                                                                                                                                                                                                                                                                                                                                                                                                                                         ; --            ; --            ; --               ;
; MISC_FILE                                       ; other/microchip/ddr_befor5_fifo_bb.v                                                                                                                                                                                                                                                                                                                                                                                                                                                                          ; --            ; --            ; --               ;
; MISC_FILE                                       ; other/microchip/ddr_after5_fifo_bb.v                                                                                                                                                                                                                                                                                                                                                                                                                                                                          ; --            ; --            ; --               ;
; NUM_PARALLEL_PROCESSORS                         ; 4                                                                                                                                                                                                                                                                                                                                                                                                                                                                                                             ; --            ; --            ; --               ;
; OUTPUT_IO_TIMING_FAR_END_VMEAS                  ; Half Signal Swing                                                                                                                                                                                                                                                                                                                                                                                                                                                                                             ; --            ; --            ; --               ;
; OUTPUT_IO_TIMING_FAR_END_VMEAS                  ; Half Signal Swing                                                                                                                                                                                                                                                                                                                                                                                                                                                                                             ; --            ; --            ; --               ;
; OUTPUT_IO_TIMING_NEAR_END_VMEAS                 ; Half Vccio                                                                                                                                                                                                                                                                                                                                                                                                                                                                                                    ; --            ; --            ; --               ;
; OUTPUT_IO_TIMING_NEAR_END_VMEAS                 ; Half Vccio                                                                                                                                                                                                                                                                                                                                                                                                                                                                                                    ; --            ; --            ; --               ;
; PARTITION_COLOR                                 ; -- (Not supported for targeted family)                                                                                                                                                                                                                                                                                                                                                                                                                                                                        ; --            ; top           ; Top              ;
; PARTITION_FITTER_PRESERVATION_LEVEL             ; -- (Not supported for targeted family)                                                                                                                                                                                                                                                                                                                                                                                                                                                                        ; --            ; top           ; Top              ;
; PARTITION_NETLIST_TYPE                          ; -- (Not supported for targeted family)                                                                                                                                                                                                                                                                                                                                                                                                                                                                        ; --            ; top           ; Top              ;
; POWER_BOARD_THERMAL_MODEL                       ; None (CONSERVATIVE)                                                                                                                                                                                                                                                                                                                                                                                                                                                                                           ; --            ; --            ; --               ;
; POWER_PRESET_COOLING_SOLUTION                   ; 23 MM HEAT SINK WITH 200 LFPM AIRFLOW                                                                                                                                                                                                                                                                                                                                                                                                                                                                         ; --            ; --            ; --               ;
; PROJECT_OUTPUT_DIRECTORY                        ; output_files                                                                                                                                                                                                                                                                                                                                                                                                                                                                                                  ; --            ; --            ; --               ;
; SAVE_DISK_SPACE                                 ; Off                                                                                                                                                                                                                                                                                                                                                                                                                                                                                                           ; On            ; --            ; --               ;
; SLD_FILE                                        ; other/issp/ds3231_value/synthesis/ds3231_value.debuginfo                                                                                                                                                                                                                                                                                                                                                                                                                                                      ; --            ; --            ; --               ;
; SLD_FILE                                        ; other/issp/ds3231_inikey/synthesis/ds3231_inikey.debuginfo                                                                                                                                                                                                                                                                                                                                                                                                                                                    ; --            ; --            ; --               ;
; SLD_FILE                                        ; other/Qsys_First/synthesis/Qsys_system.regmap                                                                                                                                                                                                                                                                                                                                                                                                                                                                 ; --            ; --            ; --               ;
; SLD_FILE                                        ; other/Qsys_First/synthesis/Qsys_system.debuginfo                                                                                                                                                                                                                                                                                                                                                                                                                                                              ; --            ; --            ; --               ;
; SLD_FILE                                        ; other/uart/uart_115200/synthesis/uart_115200.debuginfo                                                                                                                                                                                                                                                                                                                                                                                                                                                        ; --            ; --            ; --               ;
; SLD_FILE                                        ; db/signal_view_auto_stripped.stp                                                                                                                                                                                                                                                                                                                                                                                                                                                                              ; --            ; --            ; --               ;
; SLD_INFO                                        ; QSYS_NAME Qsys_system HAS_SOPCINFO 1 GENERATION_ID 1497002123                                                                                                                                                                                                                                                                                                                                                                                                                                                 ; --            ; Qsys_system   ; --               ;
; SLD_INFO                                        ; QSYS_NAME ds3231_inikey HAS_SOPCINFO 1 GENERATION_ID 1501575241                                                                                                                                                                                                                                                                                                                                                                                                                                               ; --            ; ds3231_inikey ; --               ;
; SLD_INFO                                        ; QSYS_NAME ds3231_value HAS_SOPCINFO 1 GENERATION_ID 1501575444                                                                                                                                                                                                                                                                                                                                                                                                                                                ; --            ; ds3231_value  ; --               ;
; SLD_INFO                                        ; QSYS_NAME uart_115200 HAS_SOPCINFO 1 GENERATION_ID 1503546069                                                                                                                                                                                                                                                                                                                                                                                                                                                 ; --            ; uart_115200   ; --               ;
; SLD_NODE_CREATOR_ID                             ; 110                                                                                                                                                                                                                                                                                                                                                                                                                                                                                                           ; --            ; --            ; auto_signaltap_0 ;
; SLD_NODE_ENTITY_NAME                            ; sld_signaltap                                                                                                                                                                                                                                                                                                                                                                                                                                                                                                 ; --            ; --            ; auto_signaltap_0 ;
; SLD_NODE_PARAMETER_ASSIGNMENT                   ; SLD_RAM_BLOCK_TYPE=AUTO                                                                                                                                                                                                                                                                                                                                                                                                                                                                                       ; --            ; --            ; auto_signaltap_0 ;
; SLD_NODE_PARAMETER_ASSIGNMENT                   ; SLD_NODE_INFO=805334528                                                                                                                                                                                                                                                                                                                                                                                                                                                                                       ; --            ; --            ; auto_signaltap_0 ;
; SLD_NODE_PARAMETER_ASSIGNMENT                   ; SLD_POWER_UP_TRIGGER=0                                                                                                                                                                                                                                                                                                                                                                                                                                                                                        ; --            ; --            ; auto_signaltap_0 ;
; SLD_NODE_PARAMETER_ASSIGNMENT                   ; SLD_STORAGE_QUALIFIER_INVERSION_MASK_LENGTH=0                                                                                                                                                                                                                                                                                                                                                                                                                                                                 ; --            ; --            ; auto_signaltap_0 ;
; SLD_NODE_PARAMETER_ASSIGNMENT                   ; SLD_ATTRIBUTE_MEM_MODE=OFF                                                                                                                                                                                                                                                                                                                                                                                                                                                                                    ; --            ; --            ; auto_signaltap_0 ;
; SLD_NODE_PARAMETER_ASSIGNMENT                   ; SLD_STATE_FLOW_USE_GENERATED=0                                                                                                                                                                                                                                                                                                                                                                                                                                                                                ; --            ; --            ; auto_signaltap_0 ;
; SLD_NODE_PARAMETER_ASSIGNMENT                   ; SLD_STATE_BITS=11                                                                                                                                                                                                                                                                                                                                                                                                                                                                                             ; --            ; --            ; auto_signaltap_0 ;
; SLD_NODE_PARAMETER_ASSIGNMENT                   ; SLD_BUFFER_FULL_STOP=1                                                                                                                                                                                                                                                                                                                                                                                                                                                                                        ; --            ; --            ; auto_signaltap_0 ;
; SLD_NODE_PARAMETER_ASSIGNMENT                   ; SLD_CURRENT_RESOURCE_WIDTH=1                                                                                                                                                                                                                                                                                                                                                                                                                                                                                  ; --            ; --            ; auto_signaltap_0 ;
; SLD_NODE_PARAMETER_ASSIGNMENT                   ; SLD_INCREMENTAL_ROUTING=1                                                                                                                                                                                                                                                                                                                                                                                                                                                                                     ; --            ; --            ; auto_signaltap_0 ;
; SLD_NODE_PARAMETER_ASSIGNMENT                   ; SLD_TRIGGER_LEVEL=1                                                                                                                                                                                                                                                                                                                                                                                                                                                                                           ; --            ; --            ; auto_signaltap_0 ;
; SLD_NODE_PARAMETER_ASSIGNMENT                   ; SLD_TRIGGER_IN_ENABLED=0                                                                                                                                                                                                                                                                                                                                                                                                                                                                                      ; --            ; --            ; auto_signaltap_0 ;
; SLD_NODE_PARAMETER_ASSIGNMENT                   ; SLD_TRIGGER_PIPELINE=0                                                                                                                                                                                                                                                                                                                                                                                                                                                                                        ; --            ; --            ; auto_signaltap_0 ;
; SLD_NODE_PARAMETER_ASSIGNMENT                   ; SLD_RAM_PIPELINE=0                                                                                                                                                                                                                                                                                                                                                                                                                                                                                            ; --            ; --            ; auto_signaltap_0 ;
; SLD_NODE_PARAMETER_ASSIGNMENT                   ; SLD_COUNTER_PIPELINE=0                                                                                                                                                                                                                                                                                                                                                                                                                                                                                        ; --            ; --            ; auto_signaltap_0 ;
; SLD_NODE_PARAMETER_ASSIGNMENT                   ; SLD_ADVANCED_TRIGGER_ENTITY=basic,1,                                                                                                                                                                                                                                                                                                                                                                                                                                                                          ; --            ; --            ; auto_signaltap_0 ;
; SLD_NODE_PARAMETER_ASSIGNMENT                   ; SLD_TRIGGER_LEVEL_PIPELINE=1                                                                                                                                                                                                                                                                                                                                                                                                                                                                                  ; --            ; --            ; auto_signaltap_0 ;
; SLD_NODE_PARAMETER_ASSIGNMENT                   ; SLD_ENABLE_ADVANCED_TRIGGER=0                                                                                                                                                                                                                                                                                                                                                                                                                                                                                 ; --            ; --            ; auto_signaltap_0 ;
; SLD_NODE_PARAMETER_ASSIGNMENT                   ; SLD_SEGMENT_SIZE=8192                                                                                                                                                                                                                                                                                                                                                                                                                                                                                         ; --            ; --            ; auto_signaltap_0 ;
; SLD_NODE_PARAMETER_ASSIGNMENT                   ; SLD_SAMPLE_DEPTH=8192                                                                                                                                                                                                                                                                                                                                                                                                                                                                                         ; --            ; --            ; auto_signaltap_0 ;
; SLD_NODE_PARAMETER_ASSIGNMENT                   ; SLD_DATA_BITS=149                                                                                                                                                                                                                                                                                                                                                                                                                                                                                             ; --            ; --            ; auto_signaltap_0 ;
; SLD_NODE_PARAMETER_ASSIGNMENT                   ; SLD_TRIGGER_BITS=149                                                                                                                                                                                                                                                                                                                                                                                                                                                                                          ; --            ; --            ; auto_signaltap_0 ;
; SLD_NODE_PARAMETER_ASSIGNMENT                   ; SLD_STORAGE_QUALIFIER_BITS=149                                                                                                                                                                                                                                                                                                                                                                                                                                                                                ; --            ; --            ; auto_signaltap_0 ;
; SLD_NODE_PARAMETER_ASSIGNMENT                   ; SLD_INVERSION_MASK=000000000000000000000000000000000000000000000000000000000000000000000000000000000000000000000000000000000000000000000000000000000000000000000000000000000000000000000000000000000000000000000000000000000000000000000000000000000000000000000000000000000000000000000000000000000000000000000000000000000000000000000000000000000000000000000000000000000000000000000000000000000000000000000000000000000000000000000000000000000000000000000000000000000000000000000000000000000000000000 ; --            ; --            ; auto_signaltap_0 ;
; SLD_NODE_PARAMETER_ASSIGNMENT                   ; SLD_INVERSION_MASK_LENGTH=474                                                                                                                                                                                                                                                                                                                                                                                                                                                                                 ; --            ; --            ; auto_signaltap_0 ;
; SOPCINFO_FILE                                   ; other/issp/ds3231_value/synthesis/../../ds3231_value.sopcinfo                                                                                                                                                                                                                                                                                                                                                                                                                                                 ; --            ; --            ; --               ;
; SOPCINFO_FILE                                   ; other/issp/ds3231_inikey/synthesis/../../ds3231_inikey.sopcinfo                                                                                                                                                                                                                                                                                                                                                                                                                                               ; --            ; --            ; --               ;
; SOPCINFO_FILE                                   ; other/Qsys_First/synthesis/../Qsys_system.sopcinfo                                                                                                                                                                                                                                                                                                                                                                                                                                                            ; --            ; --            ; --               ;
; SOPCINFO_FILE                                   ; other/uart/uart_115200/synthesis/../../uart_115200.sopcinfo                                                                                                                                                                                                                                                                                                                                                                                                                                                   ; --            ; --            ; --               ;
; SPD_FILE                                        ; other/filter/fir_ii/fir_2_10hz_nco.spd                                                                                                                                                                                                                                                                                                                                                                                                                                                                        ; --            ; --            ; --               ;
; SPD_FILE                                        ; other/pll/pll_L.spd                                                                                                                                                                                                                                                                                                                                                                                                                                                                                           ; --            ; --            ; --               ;
; SPD_FILE                                        ; other/pll/pll_H.spd                                                                                                                                                                                                                                                                                                                                                                                                                                                                                           ; --            ; --            ; --               ;
; SYNTHESIS_ONLY_QIP                              ; On                                                                                                                                                                                                                                                                                                                                                                                                                                                                                                            ; --            ; --            ; --               ;
; SYNTHESIS_ONLY_QIP                              ; On                                                                                                                                                                                                                                                                                                                                                                                                                                                                                                            ; --            ; --            ; --               ;
; SYNTHESIS_ONLY_QIP                              ; On                                                                                                                                                                                                                                                                                                                                                                                                                                                                                                            ; --            ; --            ; --               ;
; SYNTHESIS_ONLY_QIP                              ; On                                                                                                                                                                                                                                                                                                                                                                                                                                                                                                            ; --            ; --            ; --               ;
; SYNTHESIS_ONLY_QIP                              ; On                                                                                                                                                                                                                                                                                                                                                                                                                                                                                                            ; --            ; --            ; --               ;
; SYNTHESIS_ONLY_QIP                              ; On                                                                                                                                                                                                                                                                                                                                                                                                                                                                                                            ; --            ; --            ; --               ;
; SYNTHESIS_ONLY_QIP                              ; On                                                                                                                                                                                                                                                                                                                                                                                                                                                                                                            ; --            ; --            ; --               ;
; SYNTHESIS_ONLY_QIP                              ; On                                                                                                                                                                                                                                                                                                                                                                                                                                                                                                            ; --            ; --            ; --               ;
; TOP_LEVEL_ENTITY                                ; top                                                                                                                                                                                                                                                                                                                                                                                                                                                                                                           ; stability     ; --            ; --               ;
; USE_DLL_FREQUENCY_FOR_DQS_DELAY_CHAIN           ; On                                                                                                                                                                                                                                                                                                                                                                                                                                                                                                            ; Off           ; --            ; --               ;
; USE_SIGNALTAP_FILE                              ; signal_view.stp                                                                                                                                                                                                                                                                                                                                                                                                                                                                                               ; --            ; --            ; --               ;
; VERILOG_SHOW_LMF_MAPPING_MESSAGES               ; Off                                                                                                                                                                                                                                                                                                                                                                                                                                                                                                           ; --            ; --            ; --               ;
; VHDL_INPUT_VERSION                              ; VHDL_2008                                                                                                                                                                                                                                                                                                                                                                                                                                                                                                     ; VHDL_1993     ; --            ; --               ;
; VHDL_SHOW_LMF_MAPPING_MESSAGES                  ; Off                                                                                                                                                                                                                                                                                                                                                                                                                                                                                                           ; --            ; --            ; --               ;
+-------------------------------------------------+---------------------------------------------------------------------------------------------------------------------------------------------------------------------------------------------------------------------------------------------------------------------------------------------------------------------------------------------------------------------------------------------------------------------------------------------------------------------------------------------------------------+---------------+---------------+------------------+


+-------------------------------------------------------------------------------------------------------------------------------+
; Flow Elapsed Time                                                                                                             ;
+---------------------------+--------------+-------------------------+---------------------+------------------------------------+
; Module Name               ; Elapsed Time ; Average Processors Used ; Peak Virtual Memory ; Total CPU Time (on all processors) ;
+---------------------------+--------------+-------------------------+---------------------+------------------------------------+
; Analysis & Synthesis      ; 00:02:09     ; 1.2                     ; 1465 MB             ; 00:03:54                           ;
; Fitter                    ; 00:02:37     ; 1.3                     ; 3605 MB             ; 00:06:43                           ;
; Assembler                 ; 00:00:13     ; 1.0                     ; 876 MB              ; 00:00:13                           ;
; TimeQuest Timing Analyzer ; 00:01:01     ; 1.6                     ; 2324 MB             ; 00:01:35                           ;
; EDA Netlist Writer        ; 00:00:10     ; 1.0                     ; 907 MB              ; 00:00:11                           ;
; Total                     ; 00:06:10     ; --                      ; --                  ; 00:12:36                           ;
+---------------------------+--------------+-------------------------+---------------------+------------------------------------+


+-----------------------------------------------------------------------------------------+
; Flow OS Summary                                                                         ;
+---------------------------+------------------+------------+------------+----------------+
; Module Name               ; Machine Hostname ; OS Name    ; OS Version ; Processor type ;
+---------------------------+------------------+------------+------------+----------------+
; Analysis & Synthesis      ; MB               ; Windows 10 ; 10.0       ; x86_64         ;
; Fitter                    ; MB               ; Windows 10 ; 10.0       ; x86_64         ;
; Assembler                 ; MB               ; Windows 10 ; 10.0       ; x86_64         ;
; TimeQuest Timing Analyzer ; MB               ; Windows 10 ; 10.0       ; x86_64         ;
; EDA Netlist Writer        ; MB               ; Windows 10 ; 10.0       ; x86_64         ;
+---------------------------+------------------+------------+------------+----------------+


------------
; Flow Log ;
------------
quartus_map --read_settings_files=on --write_settings_files=off stability -c stability
quartus_fit --read_settings_files=off --write_settings_files=off stability -c stability
quartus_asm --read_settings_files=off --write_settings_files=off stability -c stability
quartus_sta stability -c stability
quartus_eda --read_settings_files=off --write_settings_files=off stability -c stability



